// Jest Snapshot v1, https://goo.gl/fbAQLP

exports[`<Button /> renders correctly 1`] = `
<button
  aria-label=""
  className="button button--primary"
  data-testid=""
  id=""
  onClick={[MockFunction]}
>
  <span>
    Test Button
  </span>
</button>
`;

exports[`<Button /> renders correctly with customCssClass and secondary passed 1`] = `
<button
  aria-label=""
  className="button button--primary"
  data-testid=""
  id=""
  onClick={[MockFunction]}
>
  <span>
    Test Button
  </span>
</button>
`;
